Aug 26 05:10:45 linuxthin sshd-session[6883]: Failed password for vboxuser from 10.0.2.15 port 50010 ssh2
Aug 26 05:11:45 linuxthin sshd-session[6883]: Failed password for vboxuser from 10.0.2.15 port 50010 ssh2
Aug 26 05:12:49 linuxthin sshd-session[6883]: Failed password for vboxuser from 10.0.2.15 port 50010 ssh2
Aug 26 05:12:55 linuxthin sshd-session[6883]: Failed password for vboxuser from 10.0.2.15 port 50010 ssh2
Aug 26 05:13:45 linuxthin sshd-session[6883]: Failed password for vboxuser from 10.0.2.15 port 50010 ssh2
Aug 26 05:20:45 linuxthin sshd-session[6883]: Failed password for vboxuser from 10.0.2.15 port 50010 ssh2
Aug 26 05:20:47 linuxthin sshd-session[6883]: Failed password for vboxuser from 10.0.2.15 port 50010 ssh2
Aug 26 05:21:49 linuxthin sshd-session[6883]: Failed password for vboxuser from 10.0.2.15 port 50010 ssh2
Aug 26 05:22:55 linuxthin sshd-session[6883]: Failed password for vboxuser from 10.0.2.15 port 50010 ssh2
Aug 26 05:23:45 linuxthin sshd-session[6883]: Failed password for vboxuser from 10.0.2.15 port 50010 ssh2
Aug 26 05:15:22 linuxthin sshd-session[7123]: Invalid user admin from 10.0.2.15 port 50123
Aug 26 05:15:23 linuxthin sshd-session[7123]: Invalid user admin from 10.0.2.15 port 50123
Aug 26 05:16:22 linuxthin sshd-session[7123]: Invalid user admin from 10.0.2.15 port 50123
Aug 26 05:17:22 linuxthin sshd-session[7123]: Invalid user admin from 10.0.2.15 port 50123
Aug 26 05:18:22 linuxthin sshd-session[7123]: Invalid user admin from 10.0.2.15 port 50123
